[Licensing::Module] Trying to connect to existing licensing client channel...
Built from '6000.5/staging' branch; Version is '6000.5.5f1 (d16e074b49fd) revision 13725191'; Using compiler version '194234433'; Build Type 'Release'
[Licensing::IpcConnector] Successfully connected to: "LicenseClient-20231170150007" at "2026-10-09T12:07:40.7848881Z"
OS: 'Windows 10  (10.0.19045) 64bit Education' Language: 'pt' Physical Memory: 8082 MB
BatchMode: 0, IsHumanControllingUs: 1, StartBugReporterOnCrash: 1, Is64bit: 1
System  architecture: x64
Process architecture: x64
Date: 2026-10-09T12:07:40Z

COMMAND LINE ARGUMENTS:
C:\Program Files\Unity\Editor\Unity.exe
-projectpath
D:\Users\20231170150007\Documents\GitHub\Nova pasta\Lig-4Game
-acceptSoftwareTermsForThisRunOnly
-useHub
-hubIPC
-cloudEnvironment
production
-licensingIpc
LicenseClient-20231170150007
-hubSessionId
57df3fd1-7f66-47c2-b126-e1164b23f6dd
-accessToken
v9UIepzxdyXxRUd28j0AQDqOsqXXxALYgskzmwurVbs004f
Successfully changed project path to: D:\Users\20231170150007\Documents\GitHub\Nova pasta\Lig-4Game
D:/Users/20231170150007/Documents/GitHub/Nova pasta/Lig-4Game
[UnityMemory] Configuration Parameters - Can be set up in boot.config
    "memorysetup-temp-allocator-size-gi-baking-worker=262144"
    "memorysetup-temp-allocator-size-gi-baking-worker=262144"
    "memorysetup-temp-allocator-size-gi-baking-worker=262144"
    "memorysetup-temp-allocator-size-gi-baking-worker=262144"
    "memorysetup-temp-allocator-size-gi-baking-worker=262144"
    "memorysetup-temp-allocator-size-nav-mesh-worker=65536"
    "memorysetup-temp-allocator-size-audio-worker=65536"
    "memorysetup-temp-allocator-size-cloud-worker=32768"
    "memorysetup-temp-allocator-size-gfx=262144"
    "memorysetup-temp-allocator-size-preload-manager=33554432"
    "memorysetup-allocator-temp-initial-block-size-main=262144"
    "memorysetup-allocator-temp-initial-block-size-worker=262144"
    "memorysetup-temp-allocator-size-job-worker=262144"
    "memorysetup-temp-allocator-size-background-worker=32768"
    "memorysetup-bucket-allocator-granularity=16"
    "memorysetup-bucket-allocator-bucket-count=8"
    "memorysetup-bucket-allocator-block-size=33554432"
    "memorysetup-bucket-allocator-block-count=8"
    "memorysetup-main-allocator-block-size=16777216"
    "memorysetup-thread-allocator-block-size=16777216"
    "memorysetup-main-allocator-mimalloc-enabled=0"
    "memorysetup-gfx-main-allocator-block-size=16777216"
    "memorysetup-gfx-thread-allocator-block-size=16777216"
    "memorysetup-cache-allocator-block-size=4194304"
    "memorysetup-typetree-allocator-block-size=2097152"
    "memorysetup-profiler-bucket-allocator-granularity=16"
    "memorysetup-profiler-bucket-allocator-bucket-count=8"
    "memorysetup-profiler-bucket-allocator-block-size=33554432"
    "memorysetup-profiler-bucket-allocator-block-count=8"
    "memorysetup-profiler-allocator-block-size=16777216"
    "memorysetup-profiler-editor-allocator-block-size=1048576"
    "memorysetup-temp-allocator-size-main=16777216"
    "memorysetup-job-temp-allocator-block-size=2097152"
    "memorysetup-job-temp-allocator-block-size-background=1048576"
    "memorysetup-job-temp-allocator-reduction-small-platforms=262144"
Player connection [17592]  Target information:

Player connection [17592]  * "[IP] 10.57.10.15 [Port] 55504 [Flags] 2 [Guid] 3984982477 [EditorId] 3984982477 [Version] 1048832 [Id] WindowsEditor(7,CM333232) [Debug] 1 [PackageName] WindowsEditor [ProjectName] Editor" 

Player connection [17592]  * "[IP] 192.168.147.1 [Port] 55504 [Flags] 2 [Guid] 3984982477 [EditorId] 3984982477 [Version] 1048832 [Id] WindowsEditor(7,CM333232) [Debug] 1 [PackageName] WindowsEditor [ProjectName] Editor" 

Player connection [17592]  * "[IP] 192.168.72.1 [Port] 55504 [Flags] 2 [Guid] 3984982477 [EditorId] 3984982477 [Version] 1048832 [Id] WindowsEditor(7,CM333232) [Debug] 1 [PackageName] WindowsEditor [ProjectName] Editor" 

Player connection [17592]  * "[IP] 192.168.56.1 [Port] 55504 [Flags] 2 [Guid] 3984982477 [EditorId] 3984982477 [Version] 1048832 [Id] WindowsEditor(7,CM333232) [Debug] 1 [PackageName] WindowsEditor [ProjectName] Editor" 

Player connection [17592]  * "[IP] 172.24.160.1 [Port] 55504 [Flags] 2 [Guid] 3984982477 [EditorId] 3984982477 [Version] 1048832 [Id] WindowsEditor(7,CM333232) [Debug] 1 [PackageName] WindowsEditor [ProjectName] Editor" 

Player connection [17592] Host joined multi-casting on [225.0.0.222:54997]...
Player connection [17592] Host joined alternative multi-casting on [225.0.0.222:34997]...
Input System module state changed to: Initialized.
[Physics::Module] Initialized fallback backend.
[Physics::Module] Id: 0xdecafbad
[Package Manager] Connected to IPC stream "Upm-17596" after 0.4 seconds.
[Licensing::Module] Licensing is not yet initialized.
[Licensing::Client] Error: HandshakeResponse reported an error:
	ResponseCode: 505
	ResponseStatus: Unsupported protocol version '1.18.1'.
[Licensing::Module] Error: Failed to handshake to channel: "LicenseClient-20231170150007"
[Licensing::IpcConnector] LicenseClient-20231170150007 channel disconnected successfully.
[Licensing::IpcConnector] Channel LicenseClient-20231170150007-6000.5.5 doesn't exist
[Licensing::Module] Successfully launched the LicensingClient (PId: 3920)
Starting IPC server.
Waiting for clients to connect on \\.\pipe\Unity-LicenseClient-20231170150007-6000.5.5, press Ctrl-C to exit.
[Licensing::IpcConnector] Successfully connected to: "LicenseClient-20231170150007-6000.5.5" at "2026-10-09T12:07:43.1223729Z"
[Licensing::Client] Code 10 while verifying Licensing Client signature (process Id: 3920, path: "C:/Program Files/Unity/Editor/Data/Resources/Licensing/Client/Unity.Licensing.Client.exe")
[Licensing::Module] LicensingClient has failed validation; ignoring
[Licensing::Client] Handshaking with LicensingClient:
  Version:                 1.18.1+9fbee8e
  Session Id:              810fac2fc30846e591de554d01c3bb4c
  Correlation Id:          a7210e04003d20c26e0a20411f61e1b9
  External correlation Id: 4220382846979662218
  Machine Id:              G6T3b8CbEuTNMvmQWZbXlKDRzXg=
[Licensing::Module] Successfully connected to LicensingClient on channel: "LicenseClient-20231170150007-6000.5.5" (connect: 0.57s, validation: 0.13s, handshake: 0.02s)
[Licensing::IpcConnector] Successfully connected to: "LicenseClient-20231170150007-6000.5.5-notifications" at "2026-10-09T12:07:43.2715657Z"
[Licensing::Module] Connected to LicensingClient (PId: 3920, launch time: 0.00, total connection time: 0.72s)
[Licensing::Client] Successfully updated the access token
[Licensing::Module] Successfully updated the access token v9UIepzxdy...
[Licensing::Client] Successfully resolved entitlement details
[Licensing::Module] License group:
  Id: 4674038069297-UnityPersXXXX
  Product: Unity Personal
  Type: Assigned
  Expiration: Unlimited
[Licensing::Client] Successfully updated license, isAsync: True, time: 0.01
[Licensing::Client] Successfully resolved entitlement details
[Licensing::Module] Licensing Background thread has ended after 2.55s
[Licensing::Module] Licensing is initialized (took 2.00s).
[Licensing::Client] Successfully resolved entitlement details
Library Redirect Path: Library/
[Physics::Module] Selected backend.
[Physics::Module] Name: PhysX
[Physics::Module] Id: 0xf2b8ea05
[Physics::Module] SDK Version: 4.1.2
[Physics::Module] Integration Version: 1.0.0
[Physics::Module] Threading Mode: Multi-Threaded
Artifact Garbage Collection - Removed 55 unused hashed content files
Initialize engine version: 6000.5.5f1 (d16e074b49fd)
[Subsystems] Discovering subsystems at path C:/Program Files/Unity/Editor/Data/Resources/UnitySubsystems
[Subsystems] Discovering subsystems at path D:/Users/20231170150007/Documents/GitHub/Nova pasta/Lig-4Game/Assets
d3d12: failed to create D3D12 device (0x887a0004).
GfxDevice: creating device client; kGfxThreadingModeThreaded
Direct3D:
    Version:  Direct3D 11.0 [level 11.0]
    Renderer: AMD Radeon(TM) HD8490 (ID=0x6771)
    Vendor:   ATI
    VRAM:     1011 MB
    Driver:   8.17.10.1280
Initialize mono
Mono path[0] = 'C:/Program Files/Unity/Editor/Data/Managed'
Mono path[1] = 'C:/Program Files/Unity/Editor/Data/BCLExtensions/runtime/netstandard2.1'
Mono path[2] = 'C:/Program Files/Unity/Editor/Data/MonoBleedingEdge/lib/mono/unityjit-win32'
Mono config path = 'C:/Program Files/Unity/Editor/Data/MonoBleedingEdge/etc'
Using monoOptions --debugger-agent=transport=dt_socket,embedding=1,server=y,suspend=n,address=127.0.0.1:56596
CodeReloadManager initialized
ImportWorker Server TCP listen port: 0
AcceleratorClientConnectionCallback - disconnected - :0
Begin MonoManager ReloadAssembly
Registering precompiled unity dll's ...
Register platform support module: C:/Program Files/Unity/Editor/Data/PlaybackEngines/WebGLSupport/UnityEditor.WebGL.Extensions.dll
Register platform support module: C:/Program Files/Unity/Editor/Data/PlaybackEngines/MacStandaloneSupport/UnityEditor.OSXStandalone.Extensions.dll
[Licensing::Client] Successfully resolved entitlement details
Register platform support module: C:/Program Files/Unity/Editor/Data/PlaybackEngines/VisionOSPlayer/UnityEditor.VisionOS.Extensions.dll
Register platform support module: C:/Program Files/Unity/Editor/Data/PlaybackEngines/WindowsStandaloneSupport/UnityEditor.WindowsStandalone.Extensions.dll
[Licensing::Client] Successfully resolved entitlement details
Register platform support module: C:/Program Files/Unity/Editor/Data/PlaybackEngines/AndroidPlayer/UnityEditor.Android.Extensions.dll
Register platform support module: C:/Program Files/Unity/Editor/Data/PlaybackEngines/iOSSupport/UnityEditor.iOS.Extensions.dll
Register platform support module: C:/Program Files/Unity/Editor/Data/PlaybackEngines/AppleTVSupport/UnityEditor.AppleTV.Extensions.dll
Register platform support module: C:/Program Files/Unity/Editor/Data/PlaybackEngines/LinuxStandaloneSupport/UnityEditor.LinuxStandalone.Extensions.dll
Registered in 0.019256 seconds.
Native extension for LinuxStandalone target not found
[usbmuxd] Start listen thread
[usbmuxd] Listen thread started
Native extension for AppleTV target not found
[usbmuxd] Start listen thread
[usbmuxd] Listen thread started
Native extension for iOS target not found
Native extension for Android target not found
Native extension for WindowsStandalone target not found
Failed to load: C:/Program Files/Unity/Editor/Data/PlaybackEngines/VisionOSPlayer\x64\UnityEditor.VisionOS.Native.dll
Native extension for VisionOS target not found
Native extension for OSXStandalone target not found
Native extension for WebGL target not found
Package Manager log level set to [2]
[Licensing::Client] Successfully resolved entitlement details
ScheduleIndexationOnStartup MainProcess:False IndexOnStartup:True
Mono: successfully reloaded assembly
- Finished resetting the current domain, in  1.214 seconds
Domain Reload Profiling: 1973ms
	BeginReloadAssembly (175ms)
		CreateAndSetChildDomain (12ms)
	RebuildCommonClasses (7ms)
	RebuildNativeTypeToScriptingClass (23ms)
	initialDomainReloadingComplete (106ms)
	LoadAllAssembliesAndSetupDomain (446ms)
		LoadAssemblies (169ms)
		AnalyzeDomain (331ms)
			TypeCache.Refresh (329ms)
				TypeCache.ScanAssembly (309ms)
	FinalizeReload (1216ms)
		SetupLoadedEditorAssemblies (0ms)
			InitializePlatformSupportModulesInManaged (108ms)
			BeforeProcessingInitializeOnLoad (114ms)
			ProcessInitializeOnLoadAttributes (122ms)
			ProcessInitializeOnLoadMethodAttributes (775ms)
[Licensing::Client] Successfully resolved entitlement details
Application.AssetDatabase Initial Refresh Start
[Package Manager] Restoring resolved packages state from cache
[Licensing::Client] Successfully resolved entitlement details
[Package Manager] Registered 37 packages:
  Built-in packages:
    com.unity.multiplayer.center@1.0.1 (location: D:\Users\20231170150007\Documents\GitHub\Nova pasta\Lig-4Game\Library\PackageCache\com.unity.multiplayer.center@b860850997d0)
    com.unity.modules.accessibility@1.0.0 (location: D:\Users\20231170150007\Documents\GitHub\Nova pasta\Lig-4Game\Library\PackageCache\com.unity.modules.accessibility)
    com.unity.modules.adaptiveperformance@1.0.0 (location: D:\Users\20231170150007\Documents\GitHub\Nova pasta\Lig-4Game\Library\PackageCache\com.unity.modules.adaptiveperformance)
    com.unity.modules.ai@1.0.0 (location: D:\Users\20231170150007\Documents\GitHub\Nova pasta\Lig-4Game\Library\PackageCache\com.unity.modules.ai)
    com.unity.modules.androidjni@1.0.0 (location: D:\Users\20231170150007\Documents\GitHub\Nova pasta\Lig-4Game\Library\PackageCache\com.unity.modules.androidjni)
    com.unity.modules.animation@1.0.0 (location: D:\Users\20231170150007\Documents\GitHub\Nova pasta\Lig-4Game\Library\PackageCache\com.unity.modules.animation)
    com.unity.modules.assetbundle@1.0.0 (location: D:\Users\20231170150007\Documents\GitHub\Nova pasta\Lig-4Game\Library\PackageCache\com.unity.modules.assetbundle)
    com.unity.modules.audio@1.0.0 (location: D:\Users\20231170150007\Documents\GitHub\Nova pasta\Lig-4Game\Library\PackageCache\com.unity.modules.audio)
    com.unity.modules.cloth@1.0.0 (location: D:\Users\20231170150007\Documents\GitHub\Nova pasta\Lig-4Game\Library\PackageCache\com.unity.modules.cloth)
    com.unity.modules.director@1.0.0 (location: D:\Users\20231170150007\Documents\GitHub\Nova pasta\Lig-4Game\Library\PackageCache\com.unity.modules.director)
    com.unity.modules.imageconversion@1.0.0 (location: D:\Users\20231170150007\Documents\GitHub\Nova pasta\Lig-4Game\Library\PackageCache\com.unity.modules.imageconversion)
    com.unity.modules.imgui@1.0.0 (location: D:\Users\20231170150007\Documents\GitHub\Nova pasta\Lig-4Game\Library\PackageCache\com.unity.modules.imgui)
    com.unity.modules.jsonserialize@1.0.0 (location: D:\Users\20231170150007\Documents\GitHub\Nova pasta\Lig-4Game\Library\PackageCache\com.unity.modules.jsonserialize)
    com.unity.modules.particlesystem@1.0.0 (location: D:\Users\20231170150007\Documents\GitHub\Nova pasta\Lig-4Game\Library\PackageCache\com.unity.modules.particlesystem)
    com.unity.modules.physics@1.0.0 (location: D:\Users\20231170150007\Documents\GitHub\Nova pasta\Lig-4Game\Library\PackageCache\com.unity.modules.physics)
    com.unity.modules.physics2d@1.0.0 (location: D:\Users\20231170150007\Documents\GitHub\Nova pasta\Lig-4Game\Library\PackageCache\com.unity.modules.physics2d)
    com.unity.modules.physicscore2d@1.0.0 (location: D:\Users\20231170150007\Documents\GitHub\Nova pasta\Lig-4Game\Library\PackageCache\com.unity.modules.physicscore2d)
    com.unity.modules.screencapture@1.0.0 (location: D:\Users\20231170150007\Documents\GitHub\Nova pasta\Lig-4Game\Library\PackageCache\com.unity.modules.screencapture)
    com.unity.modules.terrain@1.0.0 (location: D:\Users\20231170150007\Documents\GitHub\Nova pasta\Lig-4Game\Library\PackageCache\com.unity.modules.terrain)
    com.unity.modules.terrainphysics@1.0.0 (location: D:\Users\20231170150007\Documents\GitHub\Nova pasta\Lig-4Game\Library\PackageCache\com.unity.modules.terrainphysics)
    com.unity.modules.tilemap@1.0.0 (location: D:\Users\20231170150007\Documents\GitHub\Nova pasta\Lig-4Game\Library\PackageCache\com.unity.modules.tilemap)
    com.unity.modules.ui@1.0.0 (location: D:\Users\20231170150007\Documents\GitHub\Nova pasta\Lig-4Game\Library\PackageCache\com.unity.modules.ui)
    com.unity.modules.uielements@1.0.0 (location: D:\Users\20231170150007\Documents\GitHub\Nova pasta\Lig-4Game\Library\PackageCache\com.unity.modules.uielements)
    com.unity.modules.umbra@1.0.0 (location: D:\Users\20231170150007\Documents\GitHub\Nova pasta\Lig-4Game\Library\PackageCache\com.unity.modules.umbra)
    com.unity.modules.unityanalytics@1.0.0 (location: D:\Users\20231170150007\Documents\GitHub\Nova pasta\Lig-4Game\Library\PackageCache\com.unity.modules.unityanalytics)
    com.unity.modules.unitywebrequest@1.0.0 (location: D:\Users\20231170150007\Documents\GitHub\Nova pasta\Lig-4Game\Library\PackageCache\com.unity.modules.unitywebrequest)
    com.unity.modules.unitywebrequestassetbundle@1.0.0 (location: D:\Users\20231170150007\Documents\GitHub\Nova pasta\Lig-4Game\Library\PackageCache\com.unity.modules.unitywebrequestassetbundle)
    com.unity.modules.unitywebrequestaudio@1.0.0 (location: D:\Users\20231170150007\Documents\GitHub\Nova pasta\Lig-4Game\Library\PackageCache\com.unity.modules.unitywebrequestaudio)
    com.unity.modules.unitywebrequesttexture@1.0.0 (location: D:\Users\20231170150007\Documents\GitHub\Nova pasta\Lig-4Game\Library\PackageCache\com.unity.modules.unitywebrequesttexture)
    com.unity.modules.unitywebrequestwww@1.0.0 (location: D:\Users\20231170150007\Documents\GitHub\Nova pasta\Lig-4Game\Library\PackageCache\com.unity.modules.unitywebrequestwww)
    com.unity.modules.vectorgraphics@1.0.0 (location: D:\Users\20231170150007\Documents\GitHub\Nova pasta\Lig-4Game\Library\PackageCache\com.unity.modules.vectorgraphics)
    com.unity.modules.vehicles@1.0.0 (location: D:\Users\20231170150007\Documents\GitHub\Nova pasta\Lig-4Game\Library\PackageCache\com.unity.modules.vehicles)
    com.unity.modules.video@1.0.0 (location: D:\Users\20231170150007\Documents\GitHub\Nova pasta\Lig-4Game\Library\PackageCache\com.unity.modules.video)
    com.unity.modules.wind@1.0.0 (location: D:\Users\20231170150007\Documents\GitHub\Nova pasta\Lig-4Game\Library\PackageCache\com.unity.modules.wind)
    com.unity.modules.xr@1.0.0 (location: D:\Users\20231170150007\Documents\GitHub\Nova pasta\Lig-4Game\Library\PackageCache\com.unity.modules.xr)
    com.unity.modules.subsystems@1.0.0 (location: D:\Users\20231170150007\Documents\GitHub\Nova pasta\Lig-4Game\Library\PackageCache\com.unity.modules.subsystems)
    com.unity.modules.hierarchycore@1.0.0 (location: D:\Users\20231170150007\Documents\GitHub\Nova pasta\Lig-4Game\Library\PackageCache\com.unity.modules.hierarchycore)
[Subsystems] No new subsystems found in resolved package list.
[Package Manager] Done registering packages in 0.01 seconds
info: Microsoft.Hosting.Lifetime[14]
      Now listening on: http://localhost:80
info: Microsoft.Hosting.Lifetime[0]
      Application started. Press Ctrl+C to shut down.
info: Microsoft.Hosting.Lifetime[0]
      Hosting environment: Production
info: Microsoft.Hosting.Lifetime[0]
      Content root path: D:\Users\20231170150007\Documents\GitHub\Nova pasta\Lig-4Game
info: Microsoft.AspNetCore.Hosting.Diagnostics[1]
      Request starting HTTP/2 POST http://ilpp/UnityILPP.PostProcessing/Ping - application/grpc -
info: Microsoft.AspNetCore.Routing.EndpointMiddleware[0]
      Executing endpoint 'gRPC - /UnityILPP.PostProcessing/Ping'
info: Microsoft.AspNetCore.Routing.EndpointMiddleware[1]
      Executed endpoint 'gRPC - /UnityILPP.PostProcessing/Ping'
info: Microsoft.AspNetCore.Hosting.Diagnostics[2]
      Request finished HTTP/2 POST http://ilpp/UnityILPP.PostProcessing/Ping - 200 - application/grpc 39.6830ms
Starting: C:\Program Files\Unity\Editor\Data\Tools\BuildPipeline\bee_backend.exe --ipc --defer-dag-verification --dagfile="Library/Bee/1900b0aE.dag" --continue-on-failure --profile="Library/Bee/backend1.traceevents" ScriptAssemblies
WorkingDir: D:/Users/20231170150007/Documents/GitHub/Nova pasta/Lig-4Game
ExitCode: 0 Duration: 0s226ms
*** Tundra build success (0.17 seconds), 0 items updated, 185 evaluated
AssetDatabase: script compilation time: 0.721763s
Begin MonoManager ReloadAssembly
Total cache size 71758064
Total cache size after purge 71758064, took 00:00:00.1155191
Native extension for LinuxStandalone target not found
Native extension for AppleTV target not found
Native extension for iOS target not found
Native extension for Android target not found
Native extension for WindowsStandalone target not found
Failed to load: C:/Program Files/Unity/Editor/Data/PlaybackEngines/VisionOSPlayer\x64\UnityEditor.VisionOS.Native.dll
Native extension for VisionOS target not found
Native extension for OSXStandalone target not found
Native extension for WebGL target not found
ScheduleIndexationOnStartup MainProcess:True IndexOnStartup:True
Mono: successfully reloaded assembly
- Finished resetting the current domain, in  0.888 seconds
Domain Reload Profiling: 1531ms
	BeginReloadAssembly (311ms)
		DisableScriptedObjects (46ms)
		CreateAndSetChildDomain (67ms)
	RebuildCommonClasses (12ms)
	RebuildNativeTypeToScriptingClass (24ms)
	initialDomainReloadingComplete (49ms)
	LoadAllAssembliesAndSetupDomain (244ms)
		LoadAssemblies (176ms)
		AnalyzeDomain (32ms)
			TypeCache.Refresh (24ms)
				TypeCache.ScanAssembly (14ms)
			BuildScriptInfoCaches (4ms)
	FinalizeReload (890ms)
		SetupLoadedEditorAssemblies (0ms)
			InitializePlatformSupportModulesInManaged (31ms)
			BeforeProcessingInitializeOnLoad (130ms)
			ProcessInitializeOnLoadAttributes (151ms)
			ProcessInitializeOnLoadMethodAttributes (167ms)
			AfterProcessingInitializeOnLoad (8ms)
		AwakeInstancesAfterBackupRestoration (30ms)
Starting new worker id: 0 with log in D:/Users/20231170150007/Documents/GitHub/Nova pasta/Lig-4Game/Logs/AssetImportWorkerHW0.log

Asset Pipeline Refresh (id=23e66825c5f17814aa7b80f1ced58781): Total: 2.747 seconds - Initiated by InitialRefreshV2(ForceSynchronousImport)
	(Values over 0.05ms)
	Summary:
		Imports: total=0 (actual=0, local cache=0, cache server=0)
		Asset DB Process Time: managed=0 ms, native=1119 ms
		Asset DB Callback time: managed=60 ms, native=158 ms
		Scripting: domain reloads=1, domain reload time=674 ms, compile time=725 ms, other=8 ms
		Project Asset Count: scripts=113, non-scripts=81
		Asset File Changes: new=0, changed=0, moved=0, deleted=0
		Scan Filter Count: 0
	InvokePackagesCallback: 161.337ms
	ApplyChangesToAssetFolders: 0.727ms
	Scan: 90.546ms
	Collect global state as custom dependencies: 5.554ms
	CategorizeScriptCompilationAssets: 0.333ms
	ProcessAssetsWithTransientArtifactChanges: 1.981ms
	CategorizeAssets: 2.938ms
	CompileScripts: 725.130ms
	ImportOutOfDateAssets: 907.720ms (893.693ms without children)
		UnloadImportedAssets: 0.229ms
		EnsureUptoDateAssetsAreRegisteredWithGuidPM: 0.071ms
		ImportSchedulerStart: 13.722ms
	PostProcessAllAssets: 60.384ms
		MonoPostProcessAllAssets: 60.245ms
			WindowAssetPostprocessingWatcher.OnPostprocessAllAssets 19.457ms
			SyncVS.PostprocessSyncProject 6.437ms
			EditModeScopePostprocessor.OnPostprocessAllAssets 2.699ms
			SpeedTree9Postprocessor.OnPostprocessAllAssets 1.751ms
			ReferencedClipsPostProcessor.OnPostprocessAllAssets 0.609ms
			TerrainToolbarOverlayPostProcessor.OnPostprocessAllAssets 0.456ms
			AssetDatabaseCallbacks.OnPostprocessAllAssets 0.399ms
			RenderPipelineGlobalSettingsPostprocessor.OnPostprocessAllAssets 0.179ms
	UnloadStreamsBegin: 2.549ms
	GenerateScriptTypeHashes: 0.484ms
	GenerateScriptTypeSerializationHashes: 1.061ms
	Untracked: 781.734ms

Application.AssetDatabase Initial Refresh End
Launched and connected shader compiler UnityShaderCompiler.exe after 0.03 seconds
Scanning for USB devices : 7.437ms
Initializing Unity extensions:
[MODES] ModeService[none].Initialize
[MODES] ModeService[none].LoadModes
[MODES] Loading mode Default (0) for mode-current-id-Lig-4Game
Worker ready: AssetImportWorkerHW0 0
Unloading 3 Unused Serialized files (Serialized files now loaded: 0)
Unloading 76 unused Assets / (0.5 MB). Loaded Objects now: 737.
Memory consumption went from 211.1 MB to 210.6 MB.
Total: 8.873500 ms (FindLiveObjects: 0.127300 ms CreateObjectMapping: 0.029800 ms MarkObjects: 8.122700 ms  DeleteObjects: 0.588900 ms)

[LAYOUT] About to load UserSettings\Layouts\default-6000.dwlt, keepMainWindow=False
[LAYOUT] About to save layout D:\Users\20231170150007\Documents\GitHub\Nova pasta\Lig-4Game\UserSettings\Layouts\default-6000.dwlt
[LAYOUT] About to save layout D:/Users/20231170150007/AppData/Roaming/Unity/Editor-5.x/Preferences\Layouts\current\default-6000.dwlt
[MODES] ModeService[default].InitializeCurrentMode
[MODES] ModeService[default].RaiseModeChanged(default, default)
This project uses Input Manager, which is marked for deprecation. To manage input in your project, use the <a href="https://docs.unity3d.com/Packages/com.unity.inputsystem@latest">Input System package</a> instead.
<RI> Initializing input.
XInput1_3.dll not found. Trying XInput9_1_0.dll instead...
<RI> Input initialized.
GpuFence::Create(): Failed to create ID3D11Fence, error 0x80070057
D3D11 device created for Microsoft Media Foundation video decoding.
[Project] Loading completed in 13.717 seconds
	Project init time: 				9.715 seconds
		Template init time: 		0.000 seconds
		Package Manager init time: 		2.387 seconds
		Asset Database init time: 		0.252 seconds
		Global illumination init time: 	0.004 seconds
		Assemblies load time: 			2.162 seconds
		Unity extensions init time: 	0.001 seconds
		Asset Database refresh time: 	2.747 seconds
	Scene opening time: 			3.900 seconds
##utp:{"type":"ProjectInfo","version":2,"phase":"Immediate","time":1791547674489,"processId":17596,"projectLoad":13.717307400000001,"projectInit":9.7153158,"templateInit":0.0,"packageManagerInit":2.3865155,"assetDatabaseInit":0.2522827,"globalIlluminationInit":0.0036671,"assembliesLoad":2.1622916,"unityExtensionsInit":0.0009965,"assetDatabaseRefresh":2.7470993,"sceneOpening":3.8999931}
##utp:{"type":"EditorInfo","version":2,"phase":"Immediate","time":1791547674489,"processId":17596,"editorVersion":"6000.5.5f1 (d16e074b49fd)","branch":"6000.5/staging","buildType":"Release","platform":"Windows"}
Asset Pipeline Refresh (id=fcaa0d133acb4ad41b5e7fd029e76788): Total: 0.031 seconds - Initiated by RefreshV2(AllowForceSynchronousImport)
Asset Pipeline Refresh (id=2ae55161f97ced44cbc06ad9275858b6): Total: 0.003 seconds - Initiated by RefreshV2(ForceSynchronousImport)
Dynamic Batching is deprecated and will be removed in a future release. Use GPU Instancing instead. Disable Dynamic Batching in Project Settings > Player > Other Settings to remove this warning.
UnityEngine.Debug:ExtractStackTraceNoAlloc (byte*,int,string)
UnityEngine.StackTraceUtility:ExtractStackTrace ()
UnityEngine.DebugLogHandler:Internal_Log (UnityEngine.LogType,UnityEngine.LogOption,string,UnityEngine.Object)
UnityEngine.DebugLogHandler:LogFormat (UnityEngine.LogType,UnityEngine.Object,string,object[])
UnityEngine.Logger:Log (UnityEngine.LogType,object)
UnityEngine.Debug:LogWarning (object)
UnityEditor.PlayerSettingsBatchingWarning:WarnIfDynamicBatchingEnabled ()
UnityEditor.EditorApplication:Internal_CallUpdateFunctions ()

Start Indexing on Editor startup
[Indexing] Starting Initial Indexing for Assets
Created GICache directory at D:/Users/20231170150007/AppData/LocalLow/Unity/Caches/GiCache. Took: 0.020s, timestamps: [16.473 - 16.494]
[Licensing::Client] Successfully resolved entitlement details
[Licensing::Client] Successfully resolved entitlement details
[Licensing::Client] Successfully updated the access token
[Licensing::Module] Successfully updated access token: "v9UIepzx"... (expires: 2026-10-09T13:59:56Z)
[Licensing::Client] Successfully resolved entitlement details
MonoPathRemapper: Attempts to remap: 3123; Successful remaps: 368
Serialized file version minimum: 23, current 23
[LAYOUT] About to save layout D:\Users\20231170150007\Documents\GitHub\Nova pasta\Lig-4Game\UserSettings\Layouts\default-6000.dwlt
[LAYOUT] About to save layout D:/Users/20231170150007/AppData/Roaming/Unity/Editor-5.x/Preferences\Layouts\current\default-6000.dwlt
[Physics::Module] Cleanup current backend.
[Physics::Module] Id: 0xf2b8ea05
Input System module state changed to: ShutdownInProgress.
Input Polling Thread exited.
Input System module state changed to: Shutdown.
[Licensing::IpcConnector] LicenseClient-20231170150007-6000.5.5-notifications channel disconnected successfully.
[Licensing::IpcConnector] LicenseClient-20231170150007-6000.5.5 channel disconnected successfully.
Shut down.
AcceleratorClientConnectionCallback - disconnected - :0
Cleanup mono
CodeReloadManager destroyed
abort_threads: Failed aborting id: 0000000000001F44, mono_thread_manage will ignore it

abort_threads: Failed aborting id: 0000000000003504, mono_thread_manage will ignore it

abort_threads: Failed aborting id: 0000000000001F44, mono_thread_manage will ignore it

abort_threads: Failed aborting id: 0000000000003504, mono_thread_manage will ignore it

debugger-agent: Unable to listen on 3332
[usbmuxd] Stop listen thread
[usbmuxd] Listen thread exiting
[usbmuxd] Stop listen thread
[usbmuxd] Listen thread exiting
Checking for leaked weakptr:
  Found no leaked weakptrs.
[Package Manager] Server process was shutdown
##utp:{"type":"MemoryLeaks","version":2,"phase":"Immediate","time":1791547686345,"processId":17596,"allocatedMemory":46190608,"memoryLabels":[{"Default":175175},{"Permanent":15516},{"NewDelete":66805},{"Thread":4197560},{"Manager":31237},{"VertexData":8},{"Geometry":816},{"Texture":24},{"Shader":847169},{"Material":24},{"GfxDevice":55328},{"Animation":952},{"Audio":1256},{"FreeType":8},{"FontEngine":736},{"Physics":2146},{"Physics2D":16},{"Serialization":47280},{"Input":42840},{"JobScheduler":256},{"TextLib":14806},{"Mono":48},{"ScriptingNativeRuntime":689868},{"BaseObject":1676305},{"Resource":1208},{"Renderer":3080},{"Transform":4685},{"File":12928},{"WebCam":616},{"Culling":32},{"Terrain":11442},{"Wind":24},{"STL":40},{"String":9581},{"StaticString":3808},{"Utility":2672882},{"Curl":48},{"PoolAlloc":2168},{"AI":80},{"TypeTree":8869},{"CodeReload":448},{"RuntimeInitializeOnLoadManager":64},{"Sprites":102},{"SpriteAtlas":120},{"GI":7816},{"Director":8296},{"CloudService":7096},{"WebRequest":7000},{"VR":47114},{"SceneManager":608},{"Video":112},{"LazyScriptCache":32},{"NativeArray":33043456},{"Camera":137},{"Secure":265},{"SerializationCache":1576},{"APIUpdating":10320},{"Subsystems":336},{"VirtualTexturing":57888},{"StaticSafetyDebugInfo":278528},{"Analytics":552},{"Hierarchy":1176},{"UIElements":1102240},{"CoreStats":13688},{"Identifiers":6768},{"Gui":267608},{"EditorUtility":181113},{"VersionControl":8},{"Undo":931},{"AssetDatabase":495163},{"AssetImporter":40},{"EditorGi":328},{"UnityConnect":35345},{"Upm":1988},{"UpmDiagnostics":8},{"AssetCompliance":64},{"DrivenProperties":72},{"LocalIPC":220},{"ProfilerEditor":9746},{"CoreBusinessMetrics":3486},{"Windowing":456},{"Licensing":664},{"AssetReference":32},{"IPCStream":32}]}
